// Jest Snapshot v1, https://goo.gl/fbAQLP

exports[`mapEntitiesToRenderArray adds empty label tags to from raw text to highligh array on small version 1`] = `
Array [
  Object {
    "isEntity": false,
    "text": "The following is a statement of Patrolman ",
  },
  Object {
    "confidence": 0.5516320466995239,
    "endOffset": 52,
    "engine": "NeuralEngine",
    "isEntity": true,
    "startOffset": 42,
    "text": "Mark Coral",
    "type": "PER",
  },
  Object {
    "isEntity": false,
    "text": " with reference to the investigation of the homicide of ",
  },
  Object {
    "confidence": 0.9943994283676147,
    "endOffset": 117,
    "engine": "NeuralEngine",
    "isEntity": true,
    "startOffset": 108,
    "text": "Ana Smith",
    "type": "PER",
  },
  Object {
    "isEntity": false,
    "text": " age 31, married to ",
  },
  Object {
    "confidence": 0.9974563121795654,
    "endOffset": 147,
    "engine": "NeuralEngine",
    "isEntity": true,
    "startOffset": 137,
    "text": "Mark Smith",
    "type": "PER",
  },
  Object {
    "isEntity": false,
    "text": ".
On the morning of Sunday ",
  },
  Object {
    "confidence": 1,
    "endOffset": 184,
    "engine": "RegexEngine",
    "isEntity": true,
    "startOffset": 174,
    "text": "01/01/1970",
    "type": "DATE",
  },
  Object {
    "isEntity": false,
    "text": ", I was dispatched to 1600 Pennsylvania Avenue Northwest",
  },
]
`;
